// Jest Snapshot v1, https://goo.gl/fbAQLP

exports[`ArtistQuestionScreenSnapshots should render ArtistQuestionScreen 1`] = `
<section
  className="game__screen"
>
  <h2
    className="game__title"
  >
    Кто исполняет эту песню?
  </h2>
  <div
    className="game__track"
  >
    <div
      className="track"
    />
  </div>
  <form
    className="game__artist"
  >
    <div
      className="artist"
    >
      <input
        className="artist__input visually-hidden"
        id="answer-0"
        name="answer"
        onChange={[Function]}
        type="radio"
        value="artist-0"
      />
      <label
        className="artist__name"
        htmlFor="answer-0"
      >
        <img
          alt="Singer 1"
          className="artist__picture"
          src="http://placekitten.com/134/134"
        />
        Singer 1
      </label>
    </div>
    <div
      className="artist"
    >
      <input
        className="artist__input visually-hidden"
        id="answer-1"
        name="answer"
        onChange={[Function]}
        type="radio"
        value="artist-1"
      />
      <label
        className="artist__name"
        htmlFor="answer-1"
      >
        <img
          alt="Singer 2"
          className="artist__picture"
          src="http://placekitten.com/134/134"
        />
        Singer 2
      </label>
    </div>
    <div
      className="artist"
    >
      <input
        className="artist__input visually-hidden"
        id="answer-2"
        name="answer"
        onChange={[Function]}
        type="radio"
        value="artist-2"
      />
      <label
        className="artist__name"
        htmlFor="answer-2"
      >
        <img
          alt="Singer 3"
          className="artist__picture"
          src="http://placekitten.com/134/134"
        />
        Singer 3
      </label>
    </div>
  </form>
</section>
`;
